
Reading Trees from the file 'test.t'...
Compiling lists of tree topologies and splits...
  9.9% done
  19.8% done
  29.7% done
  39.6% done
  49.5% done
  59.5% done
  69.4% done
  79.3% done
  89.2% done
  99.1% done

Summary of sampled trees:
-------------------------
Tree source: Collection of 111 trees in memory. Trees from the file 'test.t'
Total number of trees in file = 111
Number of trees considered = 100
Number of distinct tree topologies found = 8
Number of distinct splits found = 47

Split (split), split representation (pattern), frequency (freq.), posterior
  probability (prob.), mean edge length (weight), first sojourn start (s0),
  last sojourn end (sk), and number of sojourns (k):
 split                                  pattern freq.      prob.     weight    s0    sk     k
     1 ----*-----------------------------------   100    1.00000    0.08328     1   100     1
     2 ---------------------------------------*   100    1.00000    0.30391     1   100     1
     3 ------**********************************   100    1.00000    0.01038     1   100     1
     4 ---------*------------------------------   100    1.00000    0.00786     1   100     1
     5 ----------------------------------*****-   100    1.00000    0.03881     1   100     1
     6 --------------------------------------*-   100    1.00000    0.13595     1   100     1
     7 -------------*--------------------------   100    1.00000    0.03356     1   100     1
     8 ----------------------------**----------   100    1.00000    0.03323     1   100     1
     9 --------------------------*-------------   100    1.00000    0.09570     1   100     1
    10 -----*----------------------------------   100    1.00000    0.06704     1   100     1
    11 --------------------------------**------   100    1.00000    0.13971     1   100     1
    12 -------------------------*--------------   100    1.00000    0.08647     1   100     1
    13 -----------------------*----------------   100    1.00000    0.19678     1   100     1
    14 --------******--------------------------   100    1.00000    0.09147     1   100     1
    15 -----------------------------------*----   100    1.00000    0.11804     1   100     1
    16 ----------------------------------**----   100    1.00000    0.02422     1   100     1
    17 ------------------------------------*---   100    1.00000    0.05275     1   100     1
    18 --------------****----------------------   100    1.00000    0.04214     1   100     1
    19 ------------------------------*---------   100    1.00000    0.14186     1   100     1
    20 -----------*----------------------------   100    1.00000    0.01020     1   100     1
    21 ----------------*-----------------------   100    1.00000    0.02485     1   100     1
    22 ------------------**--------------------   100    1.00000    0.11786     1   100     1
    23 -----------------------------*----------   100    1.00000    0.01549     1   100     1
    24 ---------------------------****---------   100    1.00000    0.02898     1   100     1
    25 -------------------*--------------------   100    1.00000    0.01296     1   100     1
    26 ----------------------------*-----------   100    1.00000    0.01401     1   100     1
    27 ---------------------*------------------   100    1.00000    0.05770     1   100     1
    28 ---------------------------*------------   100    1.00000    0.05831     1   100     1
    29 --------------------------------*-------   100    1.00000    0.00653     1   100     1
    30 ------------*---------------------------   100    1.00000    0.03063     1   100     1
    31 -------*--------------------------------   100    1.00000    0.06438     1   100     1
    32 ---**-----------------------------------   100    1.00000    0.01812     1   100     1
    33 ----------*-----------------------------   100    1.00000    0.00797     1   100     1
    34 -----------------*----------------------   100    1.00000    0.02611     1   100     1
    35 --------------------*-------------------   100    1.00000    0.06449     1   100     1
    36 -------*********************************   100    1.00000    0.01882     1   100     1
    37 ------------------------*---------------   100    1.00000    0.06092     1   100     1
    38 ------*---------------------------------   100    1.00000    0.06667     1   100     1
    39 --*-------------------------------------   100    1.00000    0.06103     1   100     1
    40 -***************************************   100    1.00000    0.08375     1   100     1
    41 ----------------------------------***---   100    1.00000    0.04127     1   100     1
    42 ----------------------*-----------------   100    1.00000    0.09692     1   100     1
    43 --------------**************************   100    1.00000    0.02097     1   100     1
    44 --------********************************   100    1.00000    0.04044     1   100     1
    45 ---------------*------------------------   100    1.00000    0.03553     1   100     1
    46 --------*-------------------------------   100    1.00000    0.00709     1   100     1
    47 ----------------------------------****--   100    1.00000    0.16477     1   100     1
    48 --------------------*******-------------   100    1.00000    0.02068     1   100     1
    49 --**************************************   100    1.00000    0.03723     1   100     1
    50 ---------------------------***----------   100    1.00000    0.11570     1   100     1
    51 --------**------------------------------   100    1.00000    0.01619     1   100     1
    52 ------------------------*-*-------------   100    1.00000    0.02555     1   100     1
    53 --------------**------------------------   100    1.00000    0.02710     1   100     1
    54 --------------------***-----------------   100    1.00000    0.02795     1   100     1
    55 --------------*-------------------------   100    1.00000    0.02997     1   100     1
    56 ----------------------------------******   100    1.00000    0.04063     1   100     1
    57 ----------------**----------------------   100    1.00000    0.03755     1   100     1
    58 ----------------------------------*-----   100    1.00000    0.04327     1   100     1
    59 -------------------------------*--------   100    1.00000    0.12796     1   100     1
    60 -------------------------------------*--   100    1.00000    0.06494     1   100     1
    61 --------------------**------------------   100    1.00000    0.04191     1   100     1
    62 ------------------*---------------------   100    1.00000    0.01656     1   100     1
    63 -*--------------------------------------   100    1.00000    0.06918     1   100     1
    64 ----------**----------------------------   100    1.00000    0.00846     1   100     1
    65 --*--***********************************   100    1.00000    0.01159     1   100     1
    66 --------****----------------------------   100    1.00000    0.02600     1   100     1
    67 ---------------------------------*------   100    1.00000    0.00387     1   100     1
    68 ---*------------------------------------   100    1.00000    0.06881     1   100     1
    69 ------------**--------------------------    99    0.99000    0.00542     1   100     2
    70 -----***********************************    98    0.98000    0.00842     1   100     3
    71 --------------------********************    85    0.85000    0.01721    16   100     1
    72 -------------------------------*********    85    0.85000    0.02688    16   100     1
    73 --------------------------------********    85    0.85000    0.02176    16   100     1
    74 ---------------------------*************    85    0.85000    0.01446    16   100     1
    75 --------------******--------------------    85    0.85000    0.01747    16   100     1
    76 ------------------------***-------------    58    0.58000    0.02443     1   100     2
    77 --------------------****----------------    51    0.51000    0.00783     1   100     7
    78 -----------------------****-------------    48    0.48000    0.02030    12    85     5
    79 -----------------------*-*--------------    42    0.42000    0.02860    43    84     1
    80 -------------------------------***------    15    0.15000    0.05154     1    15     1
    81 ---------------------------****---******    15    0.15000    0.01511     1    15     1
    82 ------------------**-------****---******    15    0.15000    0.01618     1    15     1
    83 ------------------**********************    15    0.15000    0.02564     1    15     1
    84 ------------------**-------*************    15    0.15000    0.00995     1    15     1
    85 --*---**********************************     2    0.02000    0.00551    63    66     2
    86 --------------------***-***-------------     1    0.01000    0.01110     8     8     1
    87 --------*****---------------------------     1    0.01000    0.00368    16    16     1

Saving majority-rule consensus tree...

Tree topology (topology), frequency (freq.), mean tree length (TL),
  first sojourn start (s0), last sojourn end (sk), number of sojourns (k),
  posterior probability (prob.), cumulative probability (cum.):
topology freq.         TL    s0    sk     k      prob.       cum.     logccd        ccd     cumccd     maxccd
       1    40    3.78549    43    84     3    0.40000    0.40000   -1.06027    0.34636    0.34636    0.34636
       2    37    3.81915    17   100     5    0.37000    0.77000   -0.86612    0.42058    0.76694    0.42058
       3    13    4.94441     1    15     3    0.13000    0.90000   -2.60072    0.07422    0.84116    0.42058
       4     5    3.85526    23    85     4    0.05000    0.95000   -3.00618    0.04948    0.89064    0.42058
       5     2    3.83459    63    66     2    0.02000    0.97000   -4.95209    0.00707    0.89771    0.42058
       6     1    4.18328    16    16     1    0.01000    0.98000   -5.46124    0.00425    0.90196    0.42058
       7     1    4.80835     8     8     1    0.01000    0.99000   -6.53254    0.00146    0.90342    0.42058
       8     1    4.62165    12    12     1    0.01000    1.00000   -4.74078    0.00873    0.91215    0.42058

Topological information content:
  Number of taxa: 40.00000
  KL maximum (log of total number of distinct tree topologies): 126.91334
  Naive estimate based on 8 distinct tree topologies:
    KL naive estimate:           125.73095
    KL naive (% of max.):       99.06835
  Bounds based on 8 distinct tree topologies and 0.91215 cumulative probability:
    KL lower bound (% of max.): 90.11475
    KL upper bound (% of max.): 98.89999
  Notes:
  1) the naive estimate uses sample frequencies of tree topologies (does not account for unsampled posterior mass);
  2) the lower bound assumes all unsampled tree topologies have equal posterior probability;
  3) the upper bound assumes one unsampled tree topology has all unsampled posterior mass;

Saving distinct tree topologies...
Replacing trees.pdf
Replacing trees.tre
Replacing splits.pdf

Saving AWTY plot in file splits.pdf...
40 trivial and 28 uninteresting splits were ignored.

Saving Sojourn plot in file splits.pdf...
40 trivial and 28 uninteresting splits were ignored.

SumT finished.
