(1:1.00000,2:1.00000,(3:1.00000,(4:1.00000,((8:1.00000,5:1.00000):0.99998,(6:1.00000,(9:1.00000,(10:1.00000,7:1.00000):0.99998):0.99998):0.99998):0.99998):0.99998):0.99998)
split_-----**-** = Gamma(19.701,0.00109206)
split_------*-** = Gamma(28.4952,0.00106232)
split_-********* = Gamma(122.214,0.00104756)
split_-----*---- = Gamma(93.9087,0.000821804)
split_------*--- = Gamma(58.5289,0.00093494)
split_-------*-- = Gamma(137.848,0.000871082)
split_------*--* = Gamma(14.7991,0.000978626)
split_--******** = Gamma(13.5811,0.00129451)
split_--*------- = Gamma(101.735,0.000856736)
split_---------* = Gamma(94.9028,0.000788458)
split_----*----- = Gamma(84.4208,0.000841687)
split_---******* = Gamma(20.5944,0.00115831)
split_----****** = Gamma(22.1388,0.00097062)
split_---*------ = Gamma(91.8966,0.000838386)
split_--------*- = Gamma(69.6343,0.000933053)
split_----*--*-- = Gamma(22.4741,0.00118249)
split_-*-------- = Gamma(66.8981,0.000936432)
split_NA = Gamma(2.6696,0.02145)
tree_length = TreeLengthDist(1135.2,1166.13,11.3535,0.272155)
1_state_freqs = Dirichlet((413.97982, 390.98571, 369.25111, 503.17360))
1_kappa = Gamma(257.87631, 0.01465)

