
Autocorrelations (lag 1):

        beta ->     0.90000      0.80000      0.70000      0.60000      0.50000      0.40000      0.30000      0.20000      0.10000      0.00000
            lnL    -0.00713      0.03849      0.04414      0.07197     -0.05614     -0.01802     -0.10423     -0.00238      0.07128     -0.05062
        lnPrior     0.03037      0.01135     -0.03708      0.00929     -0.05214     -0.00768      0.02949     -0.03261      0.03299      0.04957
      lnRefDens    -0.01662      0.04787     -0.02527      0.08558     -0.10222     -0.02768     -0.04230     -0.02297      0.00535     -0.00052
             TL     0.03037      0.01135     -0.03708      0.00929     -0.05214     -0.00768      0.02949     -0.03261      0.03299      0.04957

Effective and actual sample sizes:

        beta ->     0.90000      0.80000      0.70000      0.60000      0.50000      0.40000      0.30000      0.20000      0.10000      0.00000
         actual         500          500          500          500          500          500          500          500          500          500
            lnL       507.2        462.9        457.7        432.9        559.5        518.3        616.4        502.4        433.5        553.3
        lnPrior       470.5        488.8        538.5        490.8        555.0        507.7        471.4        533.7        468.1        452.8
      lnRefDens       516.9        454.3        525.9        421.2        613.9        528.5        544.2        523.5        494.7        500.5
             TL       470.5        488.8        538.5        490.8        555.0        507.7        471.4        533.7        468.1        452.8

Marginal likelihood estimate:
    b_(k-1)  beta_incr          n            lnRk        lnR(cum)
      0.900      0.100        500       -7.129554       -7.129554
      0.800      0.100        500       -7.131968      -14.261523
      0.700      0.100        500       -7.131428      -21.392951
      0.600      0.100        500       -7.133645      -28.526596
      0.500      0.100        500       -7.130269      -35.656865
      0.400      0.100        500       -7.134398      -42.791263
      0.300      0.100        500       -7.135002      -49.926265
      0.200      0.100        500       -7.134353      -57.060618
      0.100      0.100        500       -7.137413      -64.198031
      0.000      0.100        500       -7.135665      -71.333696
 -71.33369564 Generalized Stepping Stone method
